// Jest Snapshot v1, https://goo.gl/fbAQLP

exports[`<Navigation /> should render correctly 1`] = `
<nav
  className="flex items-center justify-between flex-wrap bg-teal-500 p-6"
>
  <div
    className="flex items-center flex-shrink-0 text-white mr-6"
  >
    <span
      className="font-semibold text-xl tracking-tight"
    >
      ToldSpaces
    </span>
  </div>
  <div
    className="block lg:hidden"
  >
    <button
      className="flex items-center px-3 py-2 border rounded text-teal-200 border-teal-400 hover:text-white hover:border-white"
    >
      <svg
        className="fill-current h-3 w-3"
        viewBox="0 0 20 20"
        xmlns="http://www.w3.org/2000/svg"
      >
        <title>
          Menu
        </title>
        <path
          d="M0 3h20v2H0V3zm0 6h20v2H0V9zm0 6h20v2H0v-2z"
        />
      </svg>
    </button>
  </div>
  <div
    className="w-full block flex-grow lg:flex lg:items-center lg:w-auto"
  >
    <div
      className="text-sm lg:flex-grow"
    >
      <span
        data-testid="links"
      >
        <div
          className="container drop-shadow-md text-xs"
        >
          <a
            className="block mt-4 lg:inline-block lg:mt-0 text-teal-200 hover:text-white mr-4 rounded hover:bold"
            data-testid="link-toValue1"
            href="toValue1"
          >
            textValue1
          </a>
        </div>
        <div
          className="container drop-shadow-md text-xs"
        >
          <a
            className="block mt-4 lg:inline-block lg:mt-0 text-teal-200 hover:text-white mr-4 rounded hover:bold"
            data-testid="link-toValue2"
            href="toValue2"
          >
            textValue2
          </a>
        </div>
      </span>
    </div>
  </div>
</nav>
`;
